============================= test session starts ==============================
platform darwin -- Python 3.13.0, pytest-9.0.2, pluggy-1.6.0
rootdir: /Users/vivek/projects/shinytheme
plugins: playwright-0.7.2, shiny-1.5.1, anyio-4.12.0, xdist-3.8.0, timeout-2.4.0, asyncio-1.3.0, base-url-2.1.0, rerunfailures-16.1, cov-7.0.0, syrupy-5.0.0
asyncio: mode=Mode.STRICT, debug=False, asyncio_default_fixture_loop_scope=None, asyncio_default_test_loop_scope=function
collected 15 items / 14 deselected / 1 selected

tests/test_app.py 
!!!!!!!!!!!!!!!!!!!!!!!!!!!!!! KeyboardInterrupt !!!!!!!!!!!!!!!!!!!!!!!!!!!!!!!
/opt/homebrew/Cellar/python@3.13/3.13.0_1/Frameworks/Python.framework/Versions/3.13/lib/python3.13/selectors.py:548: KeyboardInterrupt
(to show a full traceback on KeyboardInterrupt use --full-trace)
Traceback (most recent call last):
  File "/Users/vivek/projects/shinytheme/.venv/bin/pytest", line 7, in <module>
    sys.exit(console_main())
             ~~~~~~~~~~~~^^
  File "/Users/vivek/projects/shinytheme/.venv/lib/python3.13/site-packages/_pytest/config/__init__.py", line 223, in console_main
    code = main()
  File "/Users/vivek/projects/shinytheme/.venv/lib/python3.13/site-packages/_pytest/config/__init__.py", line 199, in main
    ret: ExitCode | int = config.hook.pytest_cmdline_main(config=config)
                          ~~~~~~~~~~~~~~~~~~~~~~~~~~~~~~~^^^^^^^^^^^^^^^
  File "/Users/vivek/projects/shinytheme/.venv/lib/python3.13/site-packages/pluggy/_hooks.py", line 512, in __call__
    return self._hookexec(self.name, self._hookimpls.copy(), kwargs, firstresult)
           ~~~~~~~~~~~~~~^^^^^^^^^^^^^^^^^^^^^^^^^^^^^^^^^^^^^^^^^^^^^^^^^^^^^^^^
  File "/Users/vivek/projects/shinytheme/.venv/lib/python3.13/site-packages/pluggy/_manager.py", line 120, in _hookexec
    return self._inner_hookexec(hook_name, methods, kwargs, firstresult)
           ~~~~~~~~~~~~~~~~~~~~^^^^^^^^^^^^^^^^^^^^^^^^^^^^^^^^^^^^^^^^^
  File "/Users/vivek/projects/shinytheme/.venv/lib/python3.13/site-packages/pluggy/_callers.py", line 167, in _multicall
    raise exception
  File "/Users/vivek/projects/shinytheme/.venv/lib/python3.13/site-packages/pluggy/_callers.py", line 121, in _multicall
    res = hook_impl.function(*args)
  File "/Users/vivek/projects/shinytheme/.venv/lib/python3.13/site-packages/_pytest/main.py", line 365, in pytest_cmdline_main
    return wrap_session(config, _main)
  File "/Users/vivek/projects/shinytheme/.venv/lib/python3.13/site-packages/_pytest/main.py", line 353, in wrap_session
    config.hook.pytest_sessionfinish(
    ~~~~~~~~~~~~~~~~~~~~~~~~~~~~~~~~^
        session=session, exitstatus=session.exitstatus
        ^^^^^^^^^^^^^^^^^^^^^^^^^^^^^^^^^^^^^^^^^^^^^^
    )
    ^
  File "/Users/vivek/projects/shinytheme/.venv/lib/python3.13/site-packages/pluggy/_hooks.py", line 512, in __call__
    return self._hookexec(self.name, self._hookimpls.copy(), kwargs, firstresult)
           ~~~~~~~~~~~~~~^^^^^^^^^^^^^^^^^^^^^^^^^^^^^^^^^^^^^^^^^^^^^^^^^^^^^^^^
  File "/Users/vivek/projects/shinytheme/.venv/lib/python3.13/site-packages/pluggy/_manager.py", line 120, in _hookexec
    return self._inner_hookexec(hook_name, methods, kwargs, firstresult)
           ~~~~~~~~~~~~~~~~~~~~^^^^^^^^^^^^^^^^^^^^^^^^^^^^^^^^^^^^^^^^^
  File "/Users/vivek/projects/shinytheme/.venv/lib/python3.13/site-packages/pluggy/_callers.py", line 167, in _multicall
    raise exception
  File "/Users/vivek/projects/shinytheme/.venv/lib/python3.13/site-packages/pluggy/_callers.py", line 139, in _multicall
    teardown.throw(exception)
    ~~~~~~~~~~~~~~^^^^^^^^^^^
  File "/Users/vivek/projects/shinytheme/.venv/lib/python3.13/site-packages/_pytest/logging.py", line 873, in pytest_sessionfinish
    return (yield)
            ^^^^^
  File "/Users/vivek/projects/shinytheme/.venv/lib/python3.13/site-packages/pluggy/_callers.py", line 139, in _multicall
    teardown.throw(exception)
    ~~~~~~~~~~~~~~^^^^^^^^^^^
  File "/Users/vivek/projects/shinytheme/.venv/lib/python3.13/site-packages/_pytest/terminal.py", line 960, in pytest_sessionfinish
    result = yield
             ^^^^^
  File "/Users/vivek/projects/shinytheme/.venv/lib/python3.13/site-packages/pluggy/_callers.py", line 139, in _multicall
    teardown.throw(exception)
    ~~~~~~~~~~~~~~^^^^^^^^^^^
  File "/Users/vivek/projects/shinytheme/.venv/lib/python3.13/site-packages/_pytest/warnings.py", line 118, in pytest_sessionfinish
    return (yield)
            ^^^^^
  File "/Users/vivek/projects/shinytheme/.venv/lib/python3.13/site-packages/pluggy/_callers.py", line 121, in _multicall
    res = hook_impl.function(*args)
  File "/Users/vivek/projects/shinytheme/.venv/lib/python3.13/site-packages/_pytest/runner.py", line 112, in pytest_sessionfinish
    session._setupstate.teardown_exact(None)
    ~~~~~~~~~~~~~~~~~~~~~~~~~~~~~~~~~~^^^^^^
  File "/Users/vivek/projects/shinytheme/.venv/lib/python3.13/site-packages/_pytest/runner.py", line 555, in teardown_exact
    fin()
    ~~~^^
  File "/Users/vivek/projects/shinytheme/.venv/lib/python3.13/site-packages/_pytest/fixtures.py", line 1053, in finish
    raise exceptions[0]
  File "/Users/vivek/projects/shinytheme/.venv/lib/python3.13/site-packages/_pytest/fixtures.py", line 1042, in finish
    fin()
    ~~~^^
  File "/Users/vivek/projects/shinytheme/.venv/lib/python3.13/site-packages/_pytest/fixtures.py", line 924, in _teardown_yield_fixture
    next(it)
    ~~~~^^^^
  File "/Users/vivek/projects/shinytheme/.venv/lib/python3.13/site-packages/pytest_playwright/pytest_playwright.py", line 358, in new_context
    context.close()
    ~~~~~~~~~~~~~^^
  File "/Users/vivek/projects/shinytheme/.venv/lib/python3.13/site-packages/pytest_playwright/pytest_playwright.py", line 348, in _close_wrapper
    _artifacts_recorder.on_will_close_browser_context(context)
    ~~~~~~~~~~~~~~~~~~~~~~~~~~~~~~~~~~~~~~~~~~~~~~~~~^^^^^^^^^
  File "/Users/vivek/projects/shinytheme/.venv/lib/python3.13/site-packages/pytest_playwright/pytest_playwright.py", line 597, in on_will_close_browser_context
    context.tracing.stop()
    ~~~~~~~~~~~~~~~~~~~~^^
  File "/Users/vivek/projects/shinytheme/.venv/lib/python3.13/site-packages/playwright/sync_api/_generated.py", line 15303, in stop
    return mapping.from_maybe_impl(self._sync(self._impl_obj.stop(path=path)))
                                   ~~~~~~~~~~^^^^^^^^^^^^^^^^^^^^^^^^^^^^^^^^
  File "/Users/vivek/projects/shinytheme/.venv/lib/python3.13/site-packages/playwright/_impl/_sync_base.py", line 112, in _sync
    while not task.done():
              ~~~~~~~~~^^
KeyboardInterrupt
